// Jest Snapshot v1, https://goo.gl/fbAQLP

exports[`Sensor Data Table renders sensor data table correctly 1`] = `
<div>
  <div
    class="mx-auto"
  >
    <div
      class="tremor-Table-root overflow-auto"
    >
      <table
        class="tremor-Table-table w-full text-tremor-default text-tremor-content dark:text-dark-tremor-content"
      >
        <thead
          class="tremor-TableHead-root text-left text-tremor-content dark:text-dark-tremor-content"
        >
          <tr
            class="tremor-TableRow-row"
          >
            <th
              class="tremor-TableHeaderCell-root whitespace-nowrap text-left font-semibold top-0 px-4 py-3.5 text-tremor-content-strong dark:text-dark-tremor-content-strong"
            >
              Sensor Id
            </th>
            <th
              class="tremor-TableHeaderCell-root whitespace-nowrap text-left font-semibold top-0 px-4 py-3.5 text-tremor-content-strong dark:text-dark-tremor-content-strong"
            >
              Type
            </th>
            <th
              class="tremor-TableHeaderCell-root whitespace-nowrap font-semibold top-0 px-4 py-3.5 text-tremor-content-strong dark:text-dark-tremor-content-strong text-right"
            >
              Value
            </th>
            <th
              class="tremor-TableHeaderCell-root whitespace-nowrap text-left font-semibold top-0 px-4 py-3.5 text-tremor-content-strong dark:text-dark-tremor-content-strong"
            >
              Timestamp
            </th>
          </tr>
        </thead>
        <tbody
          class="tremor-TableBody-root align-top divide-y divide-tremor-border dark:divide-dark-tremor-border"
        >
          <tr
            class="tremor-TableRow-row"
          >
            <td
              class="tremor-TableCell-root align-middle whitespace-nowrap text-left p-4"
            >
              1
            </td>
            <td
              class="tremor-TableCell-root align-middle whitespace-nowrap text-left p-4"
            >
              temperature
            </td>
            <td
              class="tremor-TableCell-root align-middle whitespace-nowrap p-4 text-right"
            >
              25
            </td>
            <td
              class="tremor-TableCell-root align-middle whitespace-nowrap text-left p-4"
            >
              2023-01-01T00:00:00Z
            </td>
          </tr>
        </tbody>
      </table>
    </div>
  </div>
</div>
`;
